 Fatal error: Uncaught Error: Call to undefined function User() in /var/www/html/st/Smash-Hit-Lab-Site/data/action.php:7 Stack trace: #0 /var/www/html/st/Smash-Hit-Lab-Site/public_html/index.php(12): do_register() #1 /var/www/html/st/Smash-Hit-Lab-Site/public_html/index.php(23): main() #2 {main} thrown in /var/www/html/st/Smash-Hit-Lab-Site/data/action.php on line 7
 
  Fatal error: Uncaught Error: Class 'Database' not found in /var/www/html/st/Smash-Hit-Lab-Site/data/user.php:37 Stack trace: #0 /var/www/html/st/Smash-Hit-Lab-Site/data/action.php(7): User->__construct() #1 /var/www/html/st/Smash-Hit-Lab-Site/public_html/index.php(12): do_register() #2 /var/www/html/st/Smash-Hit-Lab-Site/public_html/index.php(23): main() #3 {main} thrown in /var/www/html/st/Smash-Hit-Lab-Site/data/user.php on line 37
  
   Smash Hit Lab
Home
YouTube
Discord
|
Log in
Register

Notice: Undefined variable: password in /var/www/html/st/Smash-Hit-Lab-Site/data/user.php on line 52
PASSWORD IS: fClMWCrlF1uAsDq7N#u_m83g=
Warning: fopen(./db/user/knot126): failed to open stream: No such file or directory in /var/www/html/st/Smash-Hit-Lab-Site/data/database.php on line 33

Warning: fwrite() expects parameter 1 to be resource, bool given in /var/www/html/st/Smash-Hit-Lab-Site/data/database.php on line 34

Warning: fclose() expects parameter 1 to be resource, bool given in /var/www/html/st/Smash-Hit-Lab-Site/data/database.php on line 35

Notice: Undefined index: p in /var/www/html/st/Smash-Hit-Lab-Site/data/page.php on line 19


 Smash Hit Lab
Home
YouTube
Discord
|
Log in
Register

Warning: mkdir(): Permission denied in /var/www/html/st/Smash-Hit-Lab-Site/data/database.php on line 17
PASSWORD IS: twXKpL7a7PGG1&Qh8!zlaKYPd
Warning: mkdir(): Permission denied in /var/www/html/st/Smash-Hit-Lab-Site/data/database.php on line 17

Warning: fopen(./db/user/knot126): failed to open stream: No such file or directory in /var/www/html/st/Smash-Hit-Lab-Site/data/database.php on line 35

Warning: fwrite() expects parameter 1 to be resource, bool given in /var/www/html/st/Smash-Hit-Lab-Site/data/database.php on line 36

Warning: fclose() expects parameter 1 to be resource, bool given in /var/www/html/st/Smash-Hit-Lab-Site/data/database.php on line 37

 Smash Hit Lab
Home
YouTube
Discord
|
Log in
Register

Warning: mkdir(): File exists in /var/www/html/st/Smash-Hit-Lab-Site/data/database.php on line 17
PASSWORD IS: 3pRL!2A%91Ezrub*e00&PDtG_
Warning: mkdir(): File exists in /var/www/html/st/Smash-Hit-Lab-Site/data/database.php on line 17

Warning: fopen(../data/db/user/knot126): failed to open stream: Permission denied in /var/www/html/st/Smash-Hit-Lab-Site/data/database.php on line 35

Warning: fwrite() expects parameter 1 to be resource, bool given in /var/www/html/st/Smash-Hit-Lab-Site/data/database.php on line 36

Warning: fclose() expects parameter 1 to be resource, bool given in /var/www/html/st/Smash-Hit-Lab-Site/data/database.php on line 37


Smash Hit Lab
Home
YouTube
Discord
|
Log in
Register
PASSWORD IS: *nSbcOxqNQY=-F-j=YB-H-N@0
Warning: mkdir(): File exists in /storage/ssd1/639/20150639/data/database.php on line 17

Trademark usage notices:

    Smash Hit™ is a trademark of Mediocre AB and this project is not officially affiliated with Smash Hit™ or Mediocre AB in any way.

www.000webhost.com

Smash Hit Lab
Home
YouTube
Discord
|
Log out
"; } else { echo "
Log in
"; echo "
Register
"; } ?>

Trademark usage notices:

    Smash Hit™ is a trademark of Mediocre AB and this project is not officially affiliated with Smash Hit™ or Mediocre AB in any way.

www.000webhost.com


Smash Hit Lab
Home
YouTube
Discord
|
Log in
Register

Fatal error: Uncaught ArgumentCountError: Too few arguments to function user_exists(), 0 passed in /storage/ssd1/639/20150639/data/action.php on line 14 and exactly 1 expected in /storage/ssd1/639/20150639/data/user.php:208 Stack trace: #0 /storage/ssd1/639/20150639/data/action.php(14): user_exists() #1 /storage/ssd1/639/20150639/public_html/index.php(15): do_login() #2 /storage/ssd1/639/20150639/public_html/index.php(26): main() #3 {main} thrown in /storage/ssd1/639/20150639/data/user.php on line 208

 Fatal error: Uncaught TypeError: User::issue_token(): Return value must be of type string, null returned in /storage/ssd1/639/20150639/data/user.php:196 Stack trace: #0 /storage/ssd1/639/20150639/data/action.php(21): User->issue_token() #1 /storage/ssd1/639/20150639/public_html/index.php(15): do_login() #2 /storage/ssd1/639/20150639/public_html/index.php(26): main() #3 {main} thrown in /storage/ssd1/639/20150639/data/user.php on line 196

 
 ===============================================================================
 
 
Smash Hit Lab
Home
YouTube
Discord
|
Log in
Register

Warning: Cannot modify header information - headers already sent by (output started at /storage/ssd1/639/20150639/data/user.php:1) in /storage/ssd1/639/20150639/data/action.php on line 36

Trademark usage notices:

    Smash Hit™ is a trademark of Mediocre AB and this project is not officially affiliated with Smash Hit™ or Mediocre AB in any way.

www.000webhost.com


Smash Hit Lab
Home
YouTube
Discord
|
Log in
Register

Warning: Cannot modify header information - headers already sent by (output started at /storage/ssd1/639/20150639/data/_header.html:1) in /storage/ssd1/639/20150639/data/action.php on line 37

Warning: Cannot modify header information - headers already sent by (output started at /storage/ssd1/639/20150639/data/_header.html:1) in /storage/ssd1/639/20150639/data/action.php on line 40

